###############################################################################
#							Александр Степанов (с) 2016
###############################################################################
# Данные для работы скрпита BackHDD 
#
#
# Зарезервированные символы (первая позиция в строке): 
# '#' (решетка) - коментарий
# '!' (восклицательный знак) - признак параметра (команды)
#
# !DESTINATION - куда копировать
#
#  ==== Режимы архивации (с использованием TAR) ====
# Для TAR архивов в этой версии скрипта недоступно обновление
# существующих архивов при изменении файлов в источнике.
# Т.е. TAR всегда создается заново!
# !MODE - режим (если не указан, то по умолчанию TAR без сжатия)
# !MODE=TAR - TAR без сжатия (максимальная скорость, огромный размер)
# !MODE=TZO - TAR c сжатием LZOP (сверхбыстро, очень большой размер) (!)
# !MODE=TGZ - TAR с сжатием GZIP (очень быстро, хорошее сжатие) 	 (!)
# !MODE=TBZ - TAR с сжатием BZ2 (средне, хорошее сжатие)
# !MODE=T7Z - TAR с сжатием 7Z (медленно, макс. сжатие) 			 (!)
# !MODE=TLZ - TAR с сжатием LZMA (очень долго, хорошее сжатие) 		 (!)
# !MODE=TXZ - TAR с сжатием XZ (очень долго, хорошее сжатие)
#  ==== Режимы архивирования БЕЗ использования TAR ====
# !UPD_ARCH=TRUE (default) или FALSE ТОЛЬКО ДЛЯ ZIP и 7Z архивов!
#			TRUE - обновлять содержимое архива при изменении файлов источника
#			FALSE- перезаписывать (создавать заново)
# !MODE=ZIP - сжатие в ZIP (в три раза дольше чем TGZ при схожем размере)
# !MODE=7Z  - сжатие в 7Z (почти полный аналог T7Z по скорости и размеру)
# ==== Специальные возможности ====
# !MODE=COPY- простое копирование указанного каталога из источника в назначение
# !ARCH_ON_SUBDIR=ON|OFF - режим создания отдельного архива на каждую
#                       поддиректорию в папке источника (по умолчанию OFF)
#
# ==== Источник для архивирования ====
# Указываем абсолютные пути к директориям - источникам для архивации
# по одной директории на строку, пример:
# /home/test1/
# /home/test2/
#
# ВНИМАНИЕ! Файл должен завершаться пустой строкой!
###############################################################################
!DESTINATION=/mnt/INSTALL/
!UPD_ARCH=FALSE
!ARCH_ON_SUBDIR=OFF
# Test for probe any modes
#!MODE=
/home/test/Workspace/
!MODE=TZO
/home/test/Workspace/
!MODE=TGZ
/home/test/Workspace/
!MODE=TBZ
/home/test/Workspace/
!MODE=TLZ
/home/test/Workspace/
!MODE=TXZ
/home/test/Workspace/
!MODE=T7Z
/home/test/Workspace/
!MODE=COPY
/home/alex/Workspace/
!ARCH_ON_SUBDIR=ON
!MODE=ZIP
/home/test/Workspace/
!MODE=7Z
/home/test/Workspace/
#!TEST
